✔ [2/6] Built Cache.Cli (744ms)
✔ [3/6] Built Cache.Lean (770ms)
✔ [7/27] Built Batteries.Tactic.OpenPrivate (1.3s)
✔ [8/27] Built Cache.Infra (1.3s)
✔ [9/27] Built Cache.Cli:c.o (1.3s)
✔ [10/27] Built Cache.Lean:c.o (1.3s)
✔ [11/27] Built Cache.Infra:c.o (172ms)
✔ [12/27] Built Cache.IO (1.9s)
✔ [13/27] Built Batteries.Tactic.OpenPrivate:c.o (1.9s)
✔ [14/27] Built Cache.IO:c.o (1.3s)
✔ [15/27] Built Cache.Hashing (1.4s)
✔ [16/27] Built Cache.Hashing:c.o (2.1s)
✔ [17/27] Built Cache.Requests (2.1s)
✔ [18/27] Built Cache.Marker (1.2s)
✔ [19/27] Built Cache.Requests:c.o (1.0s)
✔ [20/27] Built Cache.Query (1.3s)
✔ [21/27] Built Cache.Marker:c.o (1.3s)
✔ [22/27] Built Cache.Warning (1.2s)
✔ [23/27] Built Cache.Query:c.o (1.2s)
✔ [24/27] Built Cache.Main (2.2s)
✔ [25/27] Built Cache.Warning:c.o (2.1s)
✔ [26/27] Built Cache.Main:c.o (688ms)
✔ [27/27] Built cache:exe (2.9s)
Current branch: HEAD
Using cache from origin: (some leanprover-community/mathlib4)
Attempting to download 8564 file(s) from leanprover-community/mathlib4 cache at https://lakecache.blob.core.windows.net/mathlib4-master

Downloaded: 1 file(s) [attempted 1/8564 = 0%, 22 KB/s], Decompressed: 0
Downloaded: 8 file(s) [attempted 8/8564 = 0%, 8 KB/s], Decompressed: 0
Downloaded: 23 file(s) [attempted 23/8564 = 0%, 36 KB/s], Decompressed: 0
Downloaded: 39 file(s) [attempted 39/8564 = 0%, 17 KB/s], Decompressed: 25
Downloaded: 57 file(s) [attempted 57/8564 = 0%, 47 KB/s], Decompressed: 50
Downloaded: 68 file(s) [attempted 68/8564 = 0%, 150 KB/s], Decompressed: 59
Downloaded: 79 file(s) [attempted 79/8564 = 0%, 21 KB/s], Decompressed: 74
Downloaded: 90 file(s) [attempted 90/8564 = 1%, 88 KB/s], Decompressed: 87
Downloaded: 107 file(s) [attempted 107/8564 = 1%, 158 KB/s], Decompressed: 100
Downloaded: 130 file(s) [attempted 130/8564 = 1%, 270 KB/s], Decompressed: 123
Downloaded: 146 file(s) [attempted 146/8564 = 1%, 39 KB/s], Decompressed: 144
Downloaded: 158 file(s) [attempted 158/8564 = 1%, 130 KB/s], Decompressed: 149
Downloaded: 175 file(s) [attempted 175/8564 = 2%, 116 KB/s], Decompressed: 165
Downloaded: 184 file(s) [attempted 184/8564 = 2%, 214 KB/s], Decompressed: 182
Downloaded: 196 file(s) [attempted 196/8564 = 2%, 59 KB/s], Decompressed: 191
Downloaded: 215 file(s) [attempted 215/8564 = 2%, 75 KB/s], Decompressed: 201
Downloaded: 226 file(s) [attempted 226/8564 = 2%, 142 KB/s], Decompressed: 224
Downloaded: 245 file(s) [attempted 245/8564 = 2%, 173 KB/s], Decompressed: 240
Downloaded: 268 file(s) [attempted 268/8564 = 3%, 80 KB/s], Decompressed: 254
Downloaded: 285 file(s) [attempted 285/8564 = 3%, 55 KB/s], Decompressed: 280
Downloaded: 296 file(s) [attempted 296/8564 = 3%, 152 KB/s], Decompressed: 293
Downloaded: 315 file(s) [attempted 315/8564 = 3%, 229 KB/s], Decompressed: 306
Downloaded: 333 file(s) [attempted 333/8564 = 3%, 229 KB/s], Decompressed: 319
Downloaded: 361 file(s) [attempted 361/8564 = 4%, 336 KB/s], Decompressed: 352
Downloaded: 380 file(s) [attempted 380/8564 = 4%, 144 KB/s], Decompressed: 361
Downloaded: 392 file(s) [attempted 392/8564 = 4%, 51 KB/s], Decompressed: 382
Downloaded: 412 file(s) [attempted 412/8564 = 4%, 222 KB/s], Decompressed: 403
Downloaded: 434 file(s) [attempted 434/8564 = 5%, 34 KB/s], Decompressed: 420
Downloaded: 450 file(s) [attempted 450/8564 = 5%, 370 KB/s], Decompressed: 445
Downloaded: 465 file(s) [attempted 465/8564 = 5%, 25 KB/s], Decompressed: 459
Downloaded: 475 file(s) [attempted 475/8564 = 5%, 170 KB/s], Decompressed: 468
Downloaded: 492 file(s) [attempted 492/8564 = 5%, 112 KB/s], Decompressed: 485
Downloaded: 510 file(s) [attempted 510/8564 = 5%, 254 KB/s], Decompressed: 492
Downloaded: 524 file(s) [attempted 524/8564 = 6%, 120 KB/s], Decompressed: 520
Downloaded: 552 file(s) [attempted 552/8564 = 6%, 263 KB/s], Decompressed: 538
Downloaded: 569 file(s) [attempted 569/8564 = 6%, 38 KB/s], Decompressed: 560
Downloaded: 590 file(s) [attempted 590/8564 = 6%, 38 KB/s], Decompressed: 580
Downloaded: 603 file(s) [attempted 603/8564 = 7%, 86 KB/s], Decompressed: 599
Downloaded: 619 file(s) [attempted 619/8564 = 7%, 362 KB/s], Decompressed: 603
Downloaded: 645 file(s) [attempted 645/8564 = 7%, 398 KB/s], Decompressed: 631
Downloaded: 664 file(s) [attempted 664/8564 = 7%, 393 KB/s], Decompressed: 655
Downloaded: 692 file(s) [attempted 692/8564 = 8%, 162 KB/s], Decompressed: 680
Downloaded: 714 file(s) [attempted 714/8564 = 8%, 106 KB/s], Decompressed: 697
Downloaded: 739 file(s) [attempted 739/8564 = 8%, 73 KB/s], Decompressed: 723
Downloaded: 766 file(s) [attempted 766/8564 = 8%, 407 KB/s], Decompressed: 758
Downloaded: 780 file(s) [attempted 780/8564 = 9%, 37 KB/s], Decompressed: 774
Downloaded: 806 file(s) [attempted 806/8564 = 9%, 12 KB/s], Decompressed: 805
Downloaded: 822 file(s) [attempted 822/8564 = 9%, 57 KB/s], Decompressed: 815
Downloaded: 836 file(s) [attempted 836/8564 = 9%, 135 KB/s], Decompressed: 832
Downloaded: 857 file(s) [attempted 857/8564 = 10%, 220 KB/s], Decompressed: 853
Downloaded: 878 file(s) [attempted 878/8564 = 10%, 219 KB/s], Decompressed: 871
Downloaded: 892 file(s) [attempted 892/8564 = 10%, 137 KB/s], Decompressed: 885
Downloaded: 920 file(s) [attempted 920/8564 = 10%, 24 KB/s], Decompressed: 904
Downloaded: 927 file(s) [attempted 927/8564 = 10%, 89 KB/s], Decompressed: 920
Downloaded: 943 file(s) [attempted 943/8564 = 11%, 12 KB/s], Decompressed: 936
Downloaded: 964 file(s) [attempted 964/8564 = 11%, 61 KB/s], Decompressed: 953
Downloaded: 981 file(s) [attempted 981/8564 = 11%, 792 KB/s], Decompressed: 974
Downloaded: 1004 file(s) [attempted 1004/8564 = 11%, 118 KB/s], Decompressed: 990
Downloaded: 1027 file(s) [attempted 1027/8564 = 11%, 33 KB/s], Decompressed: 1016
Downloaded: 1046 file(s) [attempted 1046/8564 = 12%, 197 KB/s], Decompressed: 1041
Downloaded: 1057 file(s) [attempted 1057/8564 = 12%, 9 KB/s], Decompressed: 1053
Downloaded: 1074 file(s) [attempted 1074/8564 = 12%, 14 KB/s], Decompressed: 1067
Downloaded: 1099 file(s) [attempted 1099/8564 = 12%, 138 KB/s], Decompressed: 1090
Downloaded: 1111 file(s) [attempted 1111/8564 = 12%, 29 KB/s], Decompressed: 1106
Downloaded: 1132 file(s) [attempted 1132/8564 = 13%, 110 KB/s], Decompressed: 1125
Downloaded: 1143 file(s) [attempted 1143/8564 = 13%, 103 KB/s], Decompressed: 1139
Downloaded: 1165 file(s) [attempted 1165/8564 = 13%, 72 KB/s], Decompressed: 1153
Downloaded: 1183 file(s) [attempted 1183/8564 = 13%, 110 KB/s], Decompressed: 1171
Downloaded: 1209 file(s) [attempted 1209/8564 = 14%, 156 KB/s], Decompressed: 1199
Downloaded: 1220 file(s) [attempted 1220/8564 = 14%, 131 KB/s], Decompressed: 1216
Downloaded: 1243 file(s) [attempted 1243/8564 = 14%, 128 KB/s], Decompressed: 1216
Downloaded: 1264 file(s) [attempted 1264/8564 = 14%, 262 KB/s], Decompressed: 1220
Downloaded: 1285 file(s) [attempted 1285/8564 = 15%, 145 KB/s], Decompressed: 1257
Downloaded: 1302 file(s) [attempted 1302/8564 = 15%, 52 KB/s], Decompressed: 1290
Downloaded: 1311 file(s) [attempted 1311/8564 = 15%, 79 KB/s], Decompressed: 1304
Downloaded: 1330 file(s) [attempted 1330/8564 = 15%, 25 KB/s], Decompressed: 1318
Downloaded: 1346 file(s) [attempted 1346/8564 = 15%, 26 KB/s], Decompressed: 1336
Downloaded: 1366 file(s) [attempted 1366/8564 = 15%, 64 KB/s], Decompressed: 1336
Downloaded: 1385 file(s) [attempted 1385/8564 = 16%, 130 KB/s], Decompressed: 1346
Downloaded: 1404 file(s) [attempted 1404/8564 = 16%, 487 KB/s], Decompressed: 1392
Downloaded: 1425 file(s) [attempted 1425/8564 = 16%, 476 KB/s], Decompressed: 1413
Downloaded: 1443 file(s) [attempted 1443/8564 = 16%, 93 KB/s], Decompressed: 1436
Downloaded: 1462 file(s) [attempted 1462/8564 = 17%, 149 KB/s], Decompressed: 1448
Downloaded: 1478 file(s) [attempted 1478/8564 = 17%, 76 KB/s], Decompressed: 1471
Downloaded: 1491 file(s) [attempted 1491/8564 = 17%, 491 KB/s], Decompressed: 1485
Downloaded: 1511 file(s) [attempted 1511/8564 = 17%, 65 KB/s], Decompressed: 1506
Downloaded: 1527 file(s) [attempted 1527/8564 = 17%, 86 KB/s], Decompressed: 1520
Downloaded: 1553 file(s) [attempted 1553/8564 = 18%, 191 KB/s], Decompressed: 1539
Downloaded: 1578 file(s) [attempted 1578/8564 = 18%, 36 KB/s], Decompressed: 1567
Downloaded: 1597 file(s) [attempted 1597/8564 = 18%, 90 KB/s], Decompressed: 1590
Downloaded: 1618 file(s) [attempted 1618/8564 = 18%, 176 KB/s], Decompressed: 1609
Downloaded: 1641 file(s) [attempted 1641/8564 = 19%, 353 KB/s], Decompressed: 1632
Downloaded: 1657 file(s) [attempted 1657/8564 = 19%, 80 KB/s], Decompressed: 1648
Downloaded: 1676 file(s) [attempted 1676/8564 = 19%, 251 KB/s], Decompressed: 1671
Downloaded: 1688 file(s) [attempted 1688/8564 = 19%, 109 KB/s], Decompressed: 1682
Downloaded: 1699 file(s) [attempted 1699/8564 = 19%, 74 KB/s], Decompressed: 1692
Downloaded: 1727 file(s) [attempted 1727/8564 = 20%, 70 KB/s], Decompressed: 1711
Downloaded: 1748 file(s) [attempted 1748/8564 = 20%, 162 KB/s], Decompressed: 1728
Downloaded: 1769 file(s) [attempted 1769/8564 = 20%, 249 KB/s], Decompressed: 1762
Downloaded: 1790 file(s) [attempted 1790/8564 = 20%, 128 KB/s], Decompressed: 1778
Downloaded: 1806 file(s) [attempted 1806/8564 = 21%, 193 KB/s], Decompressed: 1797
Downloaded: 1825 file(s) [attempted 1825/8564 = 21%, 110 KB/s], Decompressed: 1816
Downloaded: 1843 file(s) [attempted 1843/8564 = 21%, 232 KB/s], Decompressed: 1836
Downloaded: 1857 file(s) [attempted 1857/8564 = 21%, 87 KB/s], Decompressed: 1848
Downloaded: 1878 file(s) [attempted 1878/8564 = 21%, 180 KB/s], Decompressed: 1867
Downloaded: 1885 file(s) [attempted 1885/8564 = 22%, 239 KB/s], Decompressed: 1881
Downloaded: 1897 file(s) [attempted 1897/8564 = 22%, 86 KB/s], Decompressed: 1895
Downloaded: 1920 file(s) [attempted 1920/8564 = 22%, 15 KB/s], Decompressed: 1906
Downloaded: 1934 file(s) [attempted 1934/8564 = 22%, 154 KB/s], Decompressed: 1918
Downloaded: 1950 file(s) [attempted 1950/8564 = 22%, 33 KB/s], Decompressed: 1941
Downloaded: 1957 file(s) [attempted 1957/8564 = 22%, 45 KB/s], Decompressed: 1950
Downloaded: 1971 file(s) [attempted 1971/8564 = 23%, 205 KB/s], Decompressed: 1957
Downloaded: 1979 file(s) [attempted 1979/8564 = 23%, 268 KB/s], Decompressed: 1957
Downloaded: 2002 file(s) [attempted 2002/8564 = 23%, 12 KB/s], Decompressed: 1981
Downloaded: 2016 file(s) [attempted 2016/8564 = 23%, 50 KB/s], Decompressed: 2011
Downloaded: 2023 file(s) [attempted 2023/8564 = 23%, 298 KB/s], Decompressed: 2016
Downloaded: 2050 file(s) [attempted 2050/8564 = 23%, 268 KB/s], Decompressed: 2020
Downloaded: 2069 file(s) [attempted 2069/8564 = 24%, 86 KB/s], Decompressed: 2060
Downloaded: 2092 file(s) [attempted 2092/8564 = 24%, 11 KB/s], Decompressed: 2085
Downloaded: 2111 file(s) [attempted 2111/8564 = 24%, 374 KB/s], Decompressed: 2099
Downloaded: 2127 file(s) [attempted 2127/8564 = 24%, 177 KB/s], Decompressed: 2120
Downloaded: 2143 file(s) [attempted 2143/8564 = 25%, 181 KB/s], Decompressed: 2137
Downloaded: 2156 file(s) [attempted 2156/8564 = 25%, 86 KB/s], Decompressed: 2146
Downloaded: 2167 file(s) [attempted 2167/8564 = 25%, 76 KB/s], Decompressed: 2162
Downloaded: 2190 file(s) [attempted 2190/8564 = 25%, 71 KB/s], Decompressed: 2176
Downloaded: 2209 file(s) [attempted 2209/8564 = 25%, 198 KB/s], Decompressed: 2192
Downloaded: 2232 file(s) [attempted 2232/8564 = 26%, 471 KB/s], Decompressed: 2220
Downloaded: 2253 file(s) [attempted 2253/8564 = 26%, 85 KB/s], Decompressed: 2246
Downloaded: 2271 file(s) [attempted 2271/8564 = 26%, 361 KB/s], Decompressed: 2262
Downloaded: 2285 file(s) [attempted 2285/8564 = 26%, 129 KB/s], Decompressed: 2281
Downloaded: 2300 file(s) [attempted 2300/8564 = 26%, 65 KB/s], Decompressed: 2295
Downloaded: 2309 file(s) [attempted 2309/8564 = 26%, 305 KB/s], Decompressed: 2306
Downloaded: 2334 file(s) [attempted 2334/8564 = 27%, 30 KB/s], Decompressed: 2320
Downloaded: 2356 file(s) [attempted 2356/8564 = 27%, 268 KB/s], Decompressed: 2341
Downloaded: 2369 file(s) [attempted 2369/8564 = 27%, 356 KB/s], Decompressed: 2360
Downloaded: 2381 file(s) [attempted 2381/8564 = 27%, 605 KB/s], Decompressed: 2371
Downloaded: 2399 file(s) [attempted 2399/8564 = 28%, 342 KB/s], Decompressed: 2392
Downloaded: 2416 file(s) [attempted 2416/8564 = 28%, 214 KB/s], Decompressed: 2414
Downloaded: 2427 file(s) [attempted 2427/8564 = 28%, 132 KB/s], Decompressed: 2423
Downloaded: 2451 file(s) [attempted 2451/8564 = 28%, 345 KB/s], Decompressed: 2436
Downloaded: 2462 file(s) [attempted 2462/8564 = 28%, 30 KB/s], Decompressed: 2455
Downloaded: 2485 file(s) [attempted 2485/8564 = 29%, 171 KB/s], Decompressed: 2476
Downloaded: 2497 file(s) [attempted 2497/8564 = 29%, 173 KB/s], Decompressed: 2492
Downloaded: 2520 file(s) [attempted 2520/8564 = 29%, 180 KB/s], Decompressed: 2512
Downloaded: 2550 file(s) [attempted 2550/8564 = 29%, 159 KB/s], Decompressed: 2537
Downloaded: 2571 file(s) [attempted 2571/8564 = 30%, 78 KB/s], Decompressed: 2560
Downloaded: 2590 file(s) [attempted 2590/8564 = 30%, 182 KB/s], Decompressed: 2569
Downloaded: 2599 file(s) [attempted 2599/8564 = 30%, 258 KB/s], Decompressed: 2578
Downloaded: 2620 file(s) [attempted 2620/8564 = 30%, 108 KB/s], Decompressed: 2613
Downloaded: 2634 file(s) [attempted 2634/8564 = 30%, 779 KB/s], Decompressed: 2632
Downloaded: 2657 file(s) [attempted 2657/8564 = 31%, 161 KB/s], Decompressed: 2649
Downloaded: 2684 file(s) [attempted 2684/8564 = 31%, 239 KB/s], Decompressed: 2669
Downloaded: 2702 file(s) [attempted 2702/8564 = 31%, 422 KB/s], Decompressed: 2693
Downloaded: 2721 file(s) [attempted 2721/8564 = 31%, 30 KB/s], Decompressed: 2705
Downloaded: 2741 file(s) [attempted 2741/8564 = 32%, 539 KB/s], Decompressed: 2727
Downloaded: 2764 file(s) [attempted 2764/8564 = 32%, 22 KB/s], Decompressed: 2750
Downloaded: 2785 file(s) [attempted 2785/8564 = 32%, 410 KB/s], Decompressed: 2778
Downloaded: 2799 file(s) [attempted 2799/8564 = 32%, 84 KB/s], Decompressed: 2795
Downloaded: 2813 file(s) [attempted 2813/8564 = 32%, 145 KB/s], Decompressed: 2806
Downloaded: 2829 file(s) [attempted 2829/8564 = 33%, 18 KB/s], Decompressed: 2820
Downloaded: 2850 file(s) [attempted 2850/8564 = 33%, 50 KB/s], Decompressed: 2832
Downloaded: 2860 file(s) [attempted 2860/8564 = 33%, 19 KB/s], Decompressed: 2857
Downloaded: 2888 file(s) [attempted 2888/8564 = 33%, 260 KB/s], Decompressed: 2869
Downloaded: 2909 file(s) [attempted 2909/8564 = 33%, 59 KB/s], Decompressed: 2890
Downloaded: 2927 file(s) [attempted 2927/8564 = 34%, 59 KB/s], Decompressed: 2920
Downloaded: 2939 file(s) [attempted 2939/8564 = 34%, 87 KB/s], Decompressed: 2932
Downloaded: 2962 file(s) [attempted 2962/8564 = 34%, 153 KB/s], Decompressed: 2951
Downloaded: 2974 file(s) [attempted 2974/8564 = 34%, 100 KB/s], Decompressed: 2969
Downloaded: 2997 file(s) [attempted 2997/8564 = 34%, 133 KB/s], Decompressed: 2985
Downloaded: 3018 file(s) [attempted 3018/8564 = 35%, 191 KB/s], Decompressed: 3011
Downloaded: 3031 file(s) [attempted 3031/8564 = 35%, 439 KB/s], Decompressed: 3025
Downloaded: 3044 file(s) [attempted 3044/8564 = 35%, 76 KB/s], Decompressed: 3035
Downloaded: 3067 file(s) [attempted 3067/8564 = 35%, 105 KB/s], Decompressed: 3053
Downloaded: 3076 file(s) [attempted 3076/8564 = 35%, 540 KB/s], Decompressed: 3074
Downloaded: 3090 file(s) [attempted 3090/8564 = 36%, 50 KB/s], Decompressed: 3087
Downloaded: 3106 file(s) [attempted 3106/8564 = 36%, 190 KB/s], Decompressed: 3099
Downloaded: 3113 file(s) [attempted 3113/8564 = 36%, 65 KB/s], Decompressed: 3111
Downloaded: 3120 file(s) [attempted 3120/8564 = 36%, 100 KB/s], Decompressed: 3118
Downloaded: 3132 file(s) [attempted 3132/8564 = 36%, 21 KB/s], Decompressed: 3125
Downloaded: 3148 file(s) [attempted 3148/8564 = 36%, 42 KB/s], Decompressed: 3136
Downloaded: 3155 file(s) [attempted 3155/8564 = 36%, 30 KB/s], Decompressed: 3148
Downloaded: 3164 file(s) [attempted 3164/8564 = 36%, 116 KB/s], Decompressed: 3156
Downloaded: 3174 file(s) [attempted 3174/8564 = 37%, 86 KB/s], Decompressed: 3162
Downloaded: 3185 file(s) [attempted 3185/8564 = 37%, 75 KB/s], Decompressed: 3181
Downloaded: 3203 file(s) [attempted 3203/8564 = 37%, 22 KB/s], Decompressed: 3185
Downloaded: 3213 file(s) [attempted 3213/8564 = 37%, 66 KB/s], Decompressed: 3185
Downloaded: 3232 file(s) [attempted 3232/8564 = 37%, 84 KB/s], Decompressed: 3189
Downloaded: 3253 file(s) [attempted 3253/8564 = 37%, 316 KB/s], Decompressed: 3220
Downloaded: 3271 file(s) [attempted 3271/8564 = 38%, 62 KB/s], Decompressed: 3260
Downloaded: 3288 file(s) [attempted 3288/8564 = 38%, 27 KB/s], Decompressed: 3278
Downloaded: 3299 file(s) [attempted 3299/8564 = 38%, 62 KB/s], Decompressed: 3291
Downloaded: 3320 file(s) [attempted 3320/8564 = 38%, 411 KB/s], Decompressed: 3318
Downloaded: 3342 file(s) [attempted 3342/8564 = 39%, 38 KB/s], Decompressed: 3327
Downloaded: 3357 file(s) [attempted 3357/8564 = 39%, 89 KB/s], Decompressed: 3346
Downloaded: 3373 file(s) [attempted 3373/8564 = 39%, 147 KB/s], Decompressed: 3364
Downloaded: 3392 file(s) [attempted 3392/8564 = 39%, 154 KB/s], Decompressed: 3385
Downloaded: 3418 file(s) [attempted 3418/8564 = 39%, 352 KB/s], Decompressed: 3404
Downloaded: 3441 file(s) [attempted 3441/8564 = 40%, 310 KB/s], Decompressed: 3426
Downloaded: 3460 file(s) [attempted 3460/8564 = 40%, 23 KB/s], Decompressed: 3450
Downloaded: 3488 file(s) [attempted 3488/8564 = 40%, 103 KB/s], Decompressed: 3470
Downloaded: 3506 file(s) [attempted 3506/8564 = 40%, 400 KB/s], Decompressed: 3499
Downloaded: 3517 file(s) [attempted 3517/8564 = 41%, 60 KB/s], Decompressed: 3509
Downloaded: 3534 file(s) [attempted 3534/8564 = 41%, 57 KB/s], Decompressed: 3527
Downloaded: 3562 file(s) [attempted 3562/8564 = 41%, 27 KB/s], Decompressed: 3553
Downloaded: 3583 file(s) [attempted 3583/8564 = 41%, 60 KB/s], Decompressed: 3571
Downloaded: 3608 file(s) [attempted 3608/8564 = 42%, 43 KB/s], Decompressed: 3592
Downloaded: 3625 file(s) [attempted 3625/8564 = 42%, 142 KB/s], Decompressed: 3616
Downloaded: 3641 file(s) [attempted 3641/8564 = 42%, 538 KB/s], Decompressed: 3634
Downloaded: 3653 file(s) [attempted 3653/8564 = 42%, 342 KB/s], Decompressed: 3650
Downloaded: 3663 file(s) [attempted 3663/8564 = 42%, 228 KB/s], Decompressed: 3657
Downloaded: 3676 file(s) [attempted 3676/8564 = 42%, 164 KB/s], Decompressed: 3662
Downloaded: 3692 file(s) [attempted 3692/8564 = 43%, 212 KB/s], Decompressed: 3683
Downloaded: 3709 file(s) [attempted 3709/8564 = 43%, 192 KB/s], Decompressed: 3699
Downloaded: 3734 file(s) [attempted 3734/8564 = 43%, 84 KB/s], Decompressed: 3720
Downloaded: 3756 file(s) [attempted 3756/8564 = 43%, 19 KB/s], Decompressed: 3741
Downloaded: 3781 file(s) [attempted 3781/8564 = 44%, 46 KB/s], Decompressed: 3771
Downloaded: 3802 file(s) [attempted 3802/8564 = 44%, 39 KB/s], Decompressed: 3792
Downloaded: 3827 file(s) [attempted 3827/8564 = 44%, 49 KB/s], Decompressed: 3802
Downloaded: 3848 file(s) [attempted 3848/8564 = 44%, 122 KB/s], Decompressed: 3802
Downloaded: 3867 file(s) [attempted 3867/8564 = 45%, 629 KB/s], Decompressed: 3811
Downloaded: 3893 file(s) [attempted 3893/8564 = 45%, 77 KB/s], Decompressed: 3874
Downloaded: 3906 file(s) [attempted 3906/8564 = 45%, 26 KB/s], Decompressed: 3902
Downloaded: 3932 file(s) [attempted 3932/8564 = 45%, 20 KB/s], Decompressed: 3918
Downloaded: 3956 file(s) [attempted 3956/8564 = 46%, 81 KB/s], Decompressed: 3939
Downloaded: 3971 file(s) [attempted 3971/8564 = 46%, 199 KB/s], Decompressed: 3960
Downloaded: 3997 file(s) [attempted 3997/8564 = 46%, 223 KB/s], Decompressed: 3984
Downloaded: 4020 file(s) [attempted 4020/8564 = 46%, 237 KB/s], Decompressed: 4004
Downloaded: 4032 file(s) [attempted 4032/8564 = 47%, 12 KB/s], Decompressed: 4023
Downloaded: 4055 file(s) [attempted 4055/8564 = 47%, 527 KB/s], Decompressed: 4050
Downloaded: 4064 file(s) [attempted 4064/8564 = 47%, 177 KB/s], Decompressed: 4057
Downloaded: 4082 file(s) [attempted 4082/8564 = 47%, 34 KB/s], Decompressed: 4071
Downloaded: 4099 file(s) [attempted 4099/8564 = 47%, 38 KB/s], Decompressed: 4091
Downloaded: 4113 file(s) [attempted 4113/8564 = 48%, 442 KB/s], Decompressed: 4111
Downloaded: 4134 file(s) [attempted 4134/8564 = 48%, 20 KB/s], Decompressed: 4128
Downloaded: 4143 file(s) [attempted 4143/8564 = 48%, 292 KB/s], Decompressed: 4139
Downloaded: 4168 file(s) [attempted 4168/8564 = 48%, 473 KB/s], Decompressed: 4156
Downloaded: 4185 file(s) [attempted 4185/8564 = 48%, 33 KB/s], Decompressed: 4178
Downloaded: 4213 file(s) [attempted 4213/8564 = 49%, 146 KB/s], Decompressed: 4195
Downloaded: 4227 file(s) [attempted 4227/8564 = 49%, 176 KB/s], Decompressed: 4223
Downloaded: 4246 file(s) [attempted 4246/8564 = 49%, 196 KB/s], Decompressed: 4238
Downloaded: 4267 file(s) [attempted 4267/8564 = 49%, 177 KB/s], Decompressed: 4258
Downloaded: 4285 file(s) [attempted 4285/8564 = 50%, 118 KB/s], Decompressed: 4278
Downloaded: 4309 file(s) [attempted 4309/8564 = 50%, 25 KB/s], Decompressed: 4299
Downloaded: 4330 file(s) [attempted 4330/8564 = 50%, 357 KB/s], Decompressed: 4316
Downloaded: 4350 file(s) [attempted 4350/8564 = 50%, 326 KB/s], Decompressed: 4342
Downloaded: 4371 file(s) [attempted 4371/8564 = 51%, 91 KB/s], Decompressed: 4364
Downloaded: 4390 file(s) [attempted 4390/8564 = 51%, 69 KB/s], Decompressed: 4378
Downloaded: 4404 file(s) [attempted 4404/8564 = 51%, 409 KB/s], Decompressed: 4402
Downloaded: 4427 file(s) [attempted 4427/8564 = 51%, 213 KB/s], Decompressed: 4420
Downloaded: 4446 file(s) [attempted 4446/8564 = 51%, 255 KB/s], Decompressed: 4420
Downloaded: 4467 file(s) [attempted 4467/8564 = 52%, 30 KB/s], Decompressed: 4453
Downloaded: 4488 file(s) [attempted 4488/8564 = 52%, 356 KB/s], Decompressed: 4476
Downloaded: 4506 file(s) [attempted 4506/8564 = 52%, 105 KB/s], Decompressed: 4492
Downloaded: 4530 file(s) [attempted 4530/8564 = 52%, 196 KB/s], Decompressed: 4516
Downloaded: 4548 file(s) [attempted 4548/8564 = 53%, 477 KB/s], Decompressed: 4532
Downloaded: 4567 file(s) [attempted 4567/8564 = 53%, 480 KB/s], Decompressed: 4564
Downloaded: 4592 file(s) [attempted 4592/8564 = 53%, 52 KB/s], Decompressed: 4581
Downloaded: 4609 file(s) [attempted 4609/8564 = 53%, 638 KB/s], Decompressed: 4604
Downloaded: 4632 file(s) [attempted 4632/8564 = 54%, 66 KB/s], Decompressed: 4618
Downloaded: 4643 file(s) [attempted 4643/8564 = 54%, 145 KB/s], Decompressed: 4639
Downloaded: 4660 file(s) [attempted 4660/8564 = 54%, 18 KB/s], Decompressed: 4653
Downloaded: 4681 file(s) [attempted 4681/8564 = 54%, 57 KB/s], Decompressed: 4668
Downloaded: 4699 file(s) [attempted 4699/8564 = 54%, 414 KB/s], Decompressed: 4694
Downloaded: 4724 file(s) [attempted 4724/8564 = 55%, 368 KB/s], Decompressed: 4707
Downloaded: 4746 file(s) [attempted 4746/8564 = 55%, 209 KB/s], Decompressed: 4737
Downloaded: 4764 file(s) [attempted 4764/8564 = 55%, 190 KB/s], Decompressed: 4750
Downloaded: 4781 file(s) [attempted 4781/8564 = 55%, 84 KB/s], Decompressed: 4764
Downloaded: 4799 file(s) [attempted 4799/8564 = 56%, 114 KB/s], Decompressed: 4792
Downloaded: 4820 file(s) [attempted 4820/8564 = 56%, 340 KB/s], Decompressed: 4816
Downloaded: 4843 file(s) [attempted 4843/8564 = 56%, 119 KB/s], Decompressed: 4834
Downloaded: 4867 file(s) [attempted 4867/8564 = 56%, 88 KB/s], Decompressed: 4850
Downloaded: 4892 file(s) [attempted 4892/8564 = 57%, 123 KB/s], Decompressed: 4883
Downloaded: 4912 file(s) [attempted 4912/8564 = 57%, 156 KB/s], Decompressed: 4892
Downloaded: 4925 file(s) [attempted 4925/8564 = 57%, 85 KB/s], Decompressed: 4918
Downloaded: 4953 file(s) [attempted 4953/8564 = 57%, 271 KB/s], Decompressed: 4939
Downloaded: 4971 file(s) [attempted 4971/8564 = 58%, 374 KB/s], Decompressed: 4969
Downloaded: 5001 file(s) [attempted 5001/8564 = 58%, 326 KB/s], Decompressed: 4983
Downloaded: 5020 file(s) [attempted 5020/8564 = 58%, 275 KB/s], Decompressed: 5016
Downloaded: 5037 file(s) [attempted 5037/8564 = 58%, 31 KB/s], Decompressed: 5032
Downloaded: 5062 file(s) [attempted 5062/8564 = 59%, 333 KB/s], Decompressed: 5037
Downloaded: 5088 file(s) [attempted 5088/8564 = 59%, 402 KB/s], Decompressed: 5037
Downloaded: 5115 file(s) [attempted 5115/8564 = 59%, 129 KB/s], Decompressed: 5037
Downloaded: 5123 file(s) [attempted 5123/8564 = 59%, 98 KB/s], Decompressed: 5050
Downloaded: 5148 file(s) [attempted 5148/8564 = 60%, 44 KB/s], Decompressed: 5050
Downloaded: 5164 file(s) [attempted 5164/8564 = 60%, 305 KB/s], Decompressed: 5150
Downloaded: 5185 file(s) [attempted 5185/8564 = 60%, 232 KB/s], Decompressed: 5176
Downloaded: 5209 file(s) [attempted 5209/8564 = 60%, 161 KB/s], Decompressed: 5199
Downloaded: 5227 file(s) [attempted 5227/8564 = 61%, 593 KB/s], Decompressed: 5216
Downloaded: 5250 file(s) [attempted 5250/8564 = 61%, 52 KB/s], Decompressed: 5234
Downloaded: 5280 file(s) [attempted 5280/8564 = 61%, 311 KB/s], Decompressed: 5253
Downloaded: 5302 file(s) [attempted 5302/8564 = 61%, 63 KB/s], Decompressed: 5285
Downloaded: 5318 file(s) [attempted 5318/8564 = 62%, 152 KB/s], Decompressed: 5306
Downloaded: 5340 file(s) [attempted 5340/8564 = 62%, 63 KB/s], Decompressed: 5329
Downloaded: 5353 file(s) [attempted 5353/8564 = 62%, 280 KB/s], Decompressed: 5344
Downloaded: 5376 file(s) [attempted 5376/8564 = 62%, 37 KB/s], Decompressed: 5365
Downloaded: 5390 file(s) [attempted 5390/8564 = 62%, 790 KB/s], Decompressed: 5384
Downloaded: 5409 file(s) [attempted 5409/8564 = 63%, 86 KB/s], Decompressed: 5399
Downloaded: 5425 file(s) [attempted 5425/8564 = 63%, 374 KB/s], Decompressed: 5423
Downloaded: 5439 file(s) [attempted 5439/8564 = 63%, 51 KB/s], Decompressed: 5427
Downloaded: 5464 file(s) [attempted 5464/8564 = 63%, 9 KB/s], Decompressed: 5448
Downloaded: 5483 file(s) [attempted 5483/8564 = 64%, 86 KB/s], Decompressed: 5471
Downloaded: 5509 file(s) [attempted 5509/8564 = 64%, 145 KB/s], Decompressed: 5502
Downloaded: 5525 file(s) [attempted 5525/8564 = 64%, 168 KB/s], Decompressed: 5513
Downloaded: 5544 file(s) [attempted 5544/8564 = 64%, 514 KB/s], Decompressed: 5527
Downloaded: 5571 file(s) [attempted 5571/8564 = 65%, 36 KB/s], Decompressed: 5558
Downloaded: 5590 file(s) [attempted 5590/8564 = 65%, 99 KB/s], Decompressed: 5583
Downloaded: 5611 file(s) [attempted 5611/8564 = 65%, 85 KB/s], Decompressed: 5605
Downloaded: 5625 file(s) [attempted 5625/8564 = 65%, 246 KB/s], Decompressed: 5618
Downloaded: 5650 file(s) [attempted 5650/8564 = 65%, 241 KB/s], Decompressed: 5631
Downloaded: 5664 file(s) [attempted 5664/8564 = 66%, 159 KB/s], Decompressed: 5657
Downloaded: 5683 file(s) [attempted 5683/8564 = 66%, 202 KB/s], Decompressed: 5657
Downloaded: 5699 file(s) [attempted 5699/8564 = 66%, 113 KB/s], Decompressed: 5657
Downloaded: 5716 file(s) [attempted 5716/8564 = 66%, 852 KB/s], Decompressed: 5664
Downloaded: 5730 file(s) [attempted 5730/8564 = 66%, 63 KB/s], Decompressed: 5723
Downloaded: 5743 file(s) [attempted 5743/8564 = 67%, 68 KB/s], Decompressed: 5734
Downloaded: 5755 file(s) [attempted 5755/8564 = 67%, 241 KB/s], Decompressed: 5750
Downloaded: 5778 file(s) [attempted 5778/8564 = 67%, 52 KB/s], Decompressed: 5771
Downloaded: 5797 file(s) [attempted 5797/8564 = 67%, 66 KB/s], Decompressed: 5785
Downloaded: 5818 file(s) [attempted 5818/8564 = 67%, 16 KB/s], Decompressed: 5806
Downloaded: 5834 file(s) [attempted 5834/8564 = 68%, 203 KB/s], Decompressed: 5820
Downloaded: 5860 file(s) [attempted 5860/8564 = 68%, 79 KB/s], Decompressed: 5839
Downloaded: 5883 file(s) [attempted 5883/8564 = 68%, 170 KB/s], Decompressed: 5867
Downloaded: 5904 file(s) [attempted 5904/8564 = 68%, 454 KB/s], Decompressed: 5892
Downloaded: 5927 file(s) [attempted 5927/8564 = 69%, 54 KB/s], Decompressed: 5920
Downloaded: 5932 file(s) [attempted 5932/8564 = 69%, 196 KB/s], Decompressed: 5927
Downloaded: 5950 file(s) [attempted 5950/8564 = 69%, 55 KB/s], Decompressed: 5943
Downloaded: 5967 file(s) [attempted 5967/8564 = 69%, 33 KB/s], Decompressed: 5957
Downloaded: 5976 file(s) [attempted 5976/8564 = 69%, 196 KB/s], Decompressed: 5971
Downloaded: 5992 file(s) [attempted 5992/8564 = 69%, 43 KB/s], Decompressed: 5983
Downloaded: 6002 file(s) [attempted 6002/8564 = 70%, 39 KB/s], Decompressed: 5997
Downloaded: 6013 file(s) [attempted 6013/8564 = 70%, 9 KB/s], Decompressed: 6006
Downloaded: 6025 file(s) [attempted 6025/8564 = 70%, 20 KB/s], Decompressed: 6018
Downloaded: 6039 file(s) [attempted 6039/8564 = 70%, 199 KB/s], Decompressed: 6030
Downloaded: 6048 file(s) [attempted 6048/8564 = 70%, 58 KB/s], Decompressed: 6041
Downloaded: 6057 file(s) [attempted 6057/8564 = 70%, 75 KB/s], Decompressed: 6050
Downloaded: 6080 file(s) [attempted 6080/8564 = 70%, 151 KB/s], Decompressed: 6065
Downloaded: 6104 file(s) [attempted 6104/8564 = 71%, 141 KB/s], Decompressed: 6085
Downloaded: 6121 file(s) [attempted 6121/8564 = 71%, 54 KB/s], Decompressed: 6111
Downloaded: 6134 file(s) [attempted 6134/8564 = 71%, 50 KB/s], Decompressed: 6123
Downloaded: 6167 file(s) [attempted 6167/8564 = 72%, 171 KB/s], Decompressed: 6149
Downloaded: 6185 file(s) [attempted 6185/8564 = 72%, 16 KB/s], Decompressed: 6167
Downloaded: 6197 file(s) [attempted 6197/8564 = 72%, 134 KB/s], Decompressed: 6192
Downloaded: 6220 file(s) [attempted 6220/8564 = 72%, 34 KB/s], Decompressed: 6206
Downloaded: 6246 file(s) [attempted 6246/8564 = 72%, 390 KB/s], Decompressed: 6225
Downloaded: 6269 file(s) [attempted 6269/8564 = 73%, 272 KB/s], Decompressed: 6248
Downloaded: 6285 file(s) [attempted 6285/8564 = 73%, 62 KB/s], Decompressed: 6271
Downloaded: 6299 file(s) [attempted 6299/8564 = 73%, 65 KB/s], Decompressed: 6283
Downloaded: 6326 file(s) [attempted 6326/8564 = 73%, 33 KB/s], Decompressed: 6299
Downloaded: 6342 file(s) [attempted 6342/8564 = 74%, 169 KB/s], Decompressed: 6330
Downloaded: 6371 file(s) [attempted 6371/8564 = 74%, 156 KB/s], Decompressed: 6344
Downloaded: 6381 file(s) [attempted 6381/8564 = 74%, 1091 KB/s], Decompressed: 6362
Downloaded: 6399 file(s) [attempted 6399/8564 = 74%, 678 KB/s], Decompressed: 6392
Downloaded: 6425 file(s) [attempted 6425/8564 = 75%, 27 KB/s], Decompressed: 6411
Downloaded: 6439 file(s) [attempted 6439/8564 = 75%, 108 KB/s], Decompressed: 6427
Downloaded: 6455 file(s) [attempted 6455/8564 = 75%, 41 KB/s], Decompressed: 6443
Downloaded: 6471 file(s) [attempted 6471/8564 = 75%, 185 KB/s], Decompressed: 6464
Downloaded: 6500 file(s) [attempted 6500/8564 = 75%, 910 KB/s], Decompressed: 6481
Downloaded: 6520 file(s) [attempted 6520/8564 = 76%, 704 KB/s], Decompressed: 6518
Downloaded: 6543 file(s) [attempted 6543/8564 = 76%, 140 KB/s], Decompressed: 6529
Downloaded: 6569 file(s) [attempted 6569/8564 = 76%, 199 KB/s], Decompressed: 6552
Downloaded: 6592 file(s) [attempted 6592/8564 = 76%, 95 KB/s], Decompressed: 6578
Downloaded: 6604 file(s) [attempted 6604/8564 = 77%, 101 KB/s], Decompressed: 6592
Downloaded: 6625 file(s) [attempted 6625/8564 = 77%, 96 KB/s], Decompressed: 6609
Downloaded: 6646 file(s) [attempted 6646/8564 = 77%, 389 KB/s], Decompressed: 6620
Downloaded: 6669 file(s) [attempted 6669/8564 = 77%, 259 KB/s], Decompressed: 6641
Downloaded: 6692 file(s) [attempted 6692/8564 = 78%, 178 KB/s], Decompressed: 6671
Downloaded: 6711 file(s) [attempted 6711/8564 = 78%, 113 KB/s], Decompressed: 6697
Downloaded: 6739 file(s) [attempted 6739/8564 = 78%, 178 KB/s], Decompressed: 6720
Downloaded: 6764 file(s) [attempted 6764/8564 = 78%, 236 KB/s], Decompressed: 6739
Downloaded: 6778 file(s) [attempted 6778/8564 = 79%, 121 KB/s], Decompressed: 6757
Downloaded: 6806 file(s) [attempted 6806/8564 = 79%, 82 KB/s], Decompressed: 6771
Downloaded: 6820 file(s) [attempted 6820/8564 = 79%, 165 KB/s], Decompressed: 6811
Downloaded: 6843 file(s) [attempted 6843/8564 = 79%, 218 KB/s], Decompressed: 6834
Downloaded: 6857 file(s) [attempted 6857/8564 = 80%, 749 KB/s], Decompressed: 6850
Downloaded: 6871 file(s) [attempted 6871/8564 = 80%, 118 KB/s], Decompressed: 6857
Downloaded: 6883 file(s) [attempted 6883/8564 = 80%, 547 KB/s], Decompressed: 6881
Downloaded: 6892 file(s) [attempted 6892/8564 = 80%, 184 KB/s], Decompressed: 6888
Downloaded: 6899 file(s) [attempted 6899/8564 = 80%, 257 KB/s], Decompressed: 6888
Downloaded: 6906 file(s) [attempted 6906/8564 = 80%, 122 KB/s], Decompressed: 6904
Downloaded: 6911 file(s) [attempted 6911/8564 = 80%, 17 KB/s], Decompressed: 6909
Downloaded: 6913 file(s) [attempted 6913/8564 = 80%, 487 KB/s], Decompressed: 6911
Downloaded: 6916 file(s) [attempted 6916/8564 = 80%, 426 KB/s], Decompressed: 6913
Downloaded: 6918 file(s) [attempted 6918/8564 = 80%, 398 KB/s], Decompressed: 6916
Downloaded: 6920 file(s) [attempted 6920/8564 = 80%, 27 KB/s], Decompressed: 6918
Downloaded: 6923 file(s) [attempted 6923/8564 = 80%, 1078 KB/s], Decompressed: 6920
Downloaded: 6925 file(s) [attempted 6925/8564 = 80%, 576 KB/s], Decompressed: 6923
Downloaded: 6943 file(s) [attempted 6943/8564 = 81%, 26 KB/s], Decompressed: 6936
Downloaded: 6957 file(s) [attempted 6957/8564 = 81%, 27 KB/s], Decompressed: 6948
Downloaded: 6983 file(s) [attempted 6983/8564 = 81%, 452 KB/s], Decompressed: 6976
Downloaded: 7003 file(s) [attempted 7003/8564 = 81%, 473 KB/s], Decompressed: 6992
Downloaded: 7030 file(s) [attempted 7030/8564 = 82%, 96 KB/s], Decompressed: 7013
Downloaded: 7048 file(s) [attempted 7048/8564 = 82%, 522 KB/s], Decompressed: 7045
Downloaded: 7071 file(s) [attempted 7071/8564 = 82%, 303 KB/s], Decompressed: 7060
Downloaded: 7096 file(s) [attempted 7096/8564 = 82%, 261 KB/s], Decompressed: 7081
Downloaded: 7120 file(s) [attempted 7120/8564 = 83%, 202 KB/s], Decompressed: 7113
Downloaded: 7146 file(s) [attempted 7146/8564 = 83%, 136 KB/s], Decompressed: 7132
Downloaded: 7164 file(s) [attempted 7164/8564 = 83%, 124 KB/s], Decompressed: 7153
Downloaded: 7183 file(s) [attempted 7183/8564 = 83%, 866 KB/s], Decompressed: 7169
Downloaded: 7216 file(s) [attempted 7216/8564 = 84%, 229 KB/s], Decompressed: 7199
Downloaded: 7231 file(s) [attempted 7231/8564 = 84%, 109 KB/s], Decompressed: 7216
Downloaded: 7256 file(s) [attempted 7256/8564 = 84%, 167 KB/s], Decompressed: 7234
Downloaded: 7277 file(s) [attempted 7277/8564 = 84%, 74 KB/s], Decompressed: 7263
Downloaded: 7299 file(s) [attempted 7299/8564 = 85%, 64 KB/s], Decompressed: 7283
Downloaded: 7320 file(s) [attempted 7320/8564 = 85%, 67 KB/s], Decompressed: 7306
Downloaded: 7341 file(s) [attempted 7341/8564 = 85%, 143 KB/s], Decompressed: 7323
Downloaded: 7362 file(s) [attempted 7362/8564 = 85%, 60 KB/s], Decompressed: 7350
Downloaded: 7388 file(s) [attempted 7388/8564 = 86%, 132 KB/s], Decompressed: 7378
Downloaded: 7406 file(s) [attempted 7406/8564 = 86%, 633 KB/s], Decompressed: 7397
Downloaded: 7434 file(s) [attempted 7434/8564 = 86%, 62 KB/s], Decompressed: 7406
Downloaded: 7453 file(s) [attempted 7453/8564 = 87%, 92 KB/s], Decompressed: 7423
Downloaded: 7483 file(s) [attempted 7483/8564 = 87%, 140 KB/s], Decompressed: 7450
Downloaded: 7497 file(s) [attempted 7497/8564 = 87%, 1305 KB/s], Decompressed: 7492
Downloaded: 7520 file(s) [attempted 7520/8564 = 87%, 245 KB/s], Decompressed: 7497
Downloaded: 7543 file(s) [attempted 7543/8564 = 88%, 92 KB/s], Decompressed: 7510
Downloaded: 7553 file(s) [attempted 7553/8564 = 88%, 50 KB/s], Decompressed: 7546
Downloaded: 7562 file(s) [attempted 7562/8564 = 88%, 163 KB/s], Decompressed: 7557
Downloaded: 7578 file(s) [attempted 7578/8564 = 88%, 462 KB/s], Decompressed: 7576
Downloaded: 7590 file(s) [attempted 7590/8564 = 88%, 331 KB/s], Decompressed: 7585
Downloaded: 7599 file(s) [attempted 7599/8564 = 88%, 124 KB/s], Decompressed: 7592
Downloaded: 7616 file(s) [attempted 7616/8564 = 88%, 38 KB/s], Decompressed: 7604
Downloaded: 7627 file(s) [attempted 7627/8564 = 89%, 166 KB/s], Decompressed: 7623
Downloaded: 7636 file(s) [attempted 7636/8564 = 89%, 44 KB/s], Decompressed: 7630
Downloaded: 7649 file(s) [attempted 7649/8564 = 89%, 172 KB/s], Decompressed: 7643
Downloaded: 7671 file(s) [attempted 7671/8564 = 89%, 38 KB/s], Decompressed: 7656
Downloaded: 7692 file(s) [attempted 7692/8564 = 89%, 52 KB/s], Decompressed: 7683
Downloaded: 7723 file(s) [attempted 7723/8564 = 90%, 90 KB/s], Decompressed: 7710
Downloaded: 7748 file(s) [attempted 7748/8564 = 90%, 193 KB/s], Decompressed: 7730
Downloaded: 7757 file(s) [attempted 7757/8564 = 90%, 47 KB/s], Decompressed: 7753
Downloaded: 7797 file(s) [attempted 7797/8564 = 91%, 28 KB/s], Decompressed: 7757
Downloaded: 7811 file(s) [attempted 7811/8564 = 91%, 202 KB/s], Decompressed: 7785
Downloaded: 7836 file(s) [attempted 7836/8564 = 91%, 65 KB/s], Decompressed: 7830
Downloaded: 7860 file(s) [attempted 7860/8564 = 91%, 612 KB/s], Decompressed: 7850
Downloaded: 7882 file(s) [attempted 7882/8564 = 92%, 15 KB/s], Decompressed: 7867
Downloaded: 7902 file(s) [attempted 7902/8564 = 92%, 19 KB/s], Decompressed: 7892
Downloaded: 7923 file(s) [attempted 7923/8564 = 92%, 254 KB/s], Decompressed: 7913
Downloaded: 7936 file(s) [attempted 7936/8564 = 92%, 335 KB/s], Decompressed: 7927
Downloaded: 7957 file(s) [attempted 7957/8564 = 92%, 41 KB/s], Decompressed: 7941
Downloaded: 7985 file(s) [attempted 7985/8564 = 93%, 422 KB/s], Decompressed: 7974
Downloaded: 7999 file(s) [attempted 7999/8564 = 93%, 129 KB/s], Decompressed: 7995
Downloaded: 8016 file(s) [attempted 8016/8564 = 93%, 80 KB/s], Decompressed: 8006
Downloaded: 8050 file(s) [attempted 8050/8564 = 93%, 141 KB/s], Decompressed: 8016
Downloaded: 8067 file(s) [attempted 8067/8564 = 94%, 76 KB/s], Decompressed: 8058
Downloaded: 8084 file(s) [attempted 8084/8564 = 94%, 101 KB/s], Decompressed: 8076
Downloaded: 8109 file(s) [attempted 8109/8564 = 94%, 17 KB/s], Decompressed: 8092
Downloaded: 8127 file(s) [attempted 8127/8564 = 94%, 462 KB/s], Decompressed: 8109
Downloaded: 8138 file(s) [attempted 8138/8564 = 95%, 56 KB/s], Decompressed: 8123
Downloaded: 8153 file(s) [attempted 8153/8564 = 95%, 68 KB/s], Decompressed: 8129
Downloaded: 8170 file(s) [attempted 8170/8564 = 95%, 241 KB/s], Decompressed: 8153
Downloaded: 8195 file(s) [attempted 8195/8564 = 95%, 95 KB/s], Decompressed: 8174
Downloaded: 8215 file(s) [attempted 8215/8564 = 95%, 67 KB/s], Decompressed: 8199
Downloaded: 8241 file(s) [attempted 8241/8564 = 96%, 45 KB/s], Decompressed: 8213
Downloaded: 8267 file(s) [attempted 8267/8564 = 96%, 226 KB/s], Decompressed: 8250
Downloaded: 8290 file(s) [attempted 8290/8564 = 96%, 276 KB/s], Decompressed: 8273
Downloaded: 8311 file(s) [attempted 8311/8564 = 97%, 404 KB/s], Decompressed: 8292
Downloaded: 8332 file(s) [attempted 8332/8564 = 97%, 351 KB/s], Decompressed: 8320
Downloaded: 8348 file(s) [attempted 8348/8564 = 97%, 84 KB/s], Decompressed: 8329
Downloaded: 8369 file(s) [attempted 8369/8564 = 97%, 22 KB/s], Decompressed: 8362
Downloaded: 8388 file(s) [attempted 8388/8564 = 97%, 225 KB/s], Decompressed: 8371
Downloaded: 8406 file(s) [attempted 8406/8564 = 98%, 211 KB/s], Decompressed: 8393
Downloaded: 8434 file(s) [attempted 8434/8564 = 98%, 56 KB/s], Decompressed: 8423
Downloaded: 8457 file(s) [attempted 8457/8564 = 98%, 204 KB/s], Decompressed: 8450
Downloaded: 8478 file(s) [attempted 8478/8564 = 98%, 69 KB/s], Decompressed: 8469
Downloaded: 8511 file(s) [attempted 8511/8564 = 99%, 298 KB/s], Decompressed: 8478
Downloaded: 8532 file(s) [attempted 8532/8564 = 99%, 124 KB/s], Decompressed: 8518
Downloaded: 8550 file(s) [attempted 8550/8564 = 99%, 523 KB/s], Decompressed: 8532
Downloaded: 8562 file(s) [attempted 8562/8564 = 99%, 61 KB/s], Decompressed: 8557
Downloaded: 8564 file(s) [attempted 8564/8564 = 100%, 61 KB/s], Decompressed: 8557
Decompressed 8564 file(s)
Decompressing 8564 file(s)
Decompressed in 31660 ms
Completed successfully!
